repeat ()
{
    for (x = 0, (x < 5), x++)
    {
        waitkey ()
    }
}
