mod1 ()
{
    x = 1
    y = f1 (x)
}

int f1 (int a)
{
    return (a + 1)
}
